// Jest Snapshot v1, https://goo.gl/fbAQLP

exports[`SvgIcon should be rendered correctly 1`] = `
<svg
  className="svg-icon f10ljuk0 logo"
>
  <use
    xlinkHref="/assets/symbol/svg/sprite.symbol.svg#logo"
  />
</svg>
`;
