// Jest Snapshot v1, https://goo.gl/fbAQLP

exports[`example should be rendered correctly 1`] = `
<span>
  fuga
</span>
`;
