// Jest Snapshot v1, https://goo.gl/fbAQLP

exports[`Placeholder should be rendered correctly 1`] = `
<div
  className="fpkkk6o"
  style={Object {}}
/>
`;
